  Determining projects to restore...
  All projects are up-to-date for restore.
  School.Domain -> D:\PC\College\Graduation Project\New folder\school-frontend-structure\school-frontend-structure\backend\School.Domain\bin\Debug\net10.0\School.Domain.dll
  School.Application -> D:\PC\College\Graduation Project\New folder\school-frontend-structure\school-frontend-structure\backend\School.Application\bin\Debug\net10.0\School.Application.dll
  School.Infrastructure -> D:\PC\College\Graduation Project\New folder\school-frontend-structure\school-frontend-structure\backend\School.Infrastructure\bin\Debug\net10.0\School.Infrastructure.dll
D:\PC\College\Graduation Project\New folder\school-frontend-structure\school-frontend-structure\backend\School.API\Controllers\AttendanceController.cs(223,19): warning CS8618: Non-nullable property 'ClassId' must contain a non-null value when exiting constructor. Consider adding the 'required' modifier or declaring the property as nullable. [D:\PC\College\Graduation Project\New folder\school-frontend-structure\school-frontend-structure\backend\School.API\School.API.csproj]
D:\PC\College\Graduation Project\New folder\school-frontend-structure\school-frontend-structure\backend\School.API\Controllers\AttendanceController.cs(224,19): warning CS8618: Non-nullable property 'SubjectId' must contain a non-null value when exiting constructor. Consider adding the 'required' modifier or declaring the property as nullable. [D:\PC\College\Graduation Project\New folder\school-frontend-structure\school-frontend-structure\backend\School.API\School.API.csproj]
D:\PC\College\Graduation Project\New folder\school-frontend-structure\school-frontend-structure\backend\School.API\Controllers\AttendanceController.cs(225,44): warning CS8618: Non-nullable property 'Records' must contain a non-null value when exiting constructor. Consider adding the 'required' modifier or declaring the property as nullable. [D:\PC\College\Graduation Project\New folder\school-frontend-structure\school-frontend-structure\backend\School.API\School.API.csproj]
D:\PC\College\Graduation Project\New folder\school-frontend-structure\school-frontend-structure\backend\School.API\Controllers\AttendanceController.cs(230,19): warning CS8618: Non-nullable property 'Id' must contain a non-null value when exiting constructor. Consider adding the 'required' modifier or declaring the property as nullable. [D:\PC\College\Graduation Project\New folder\school-frontend-structure\school-frontend-structure\backend\School.API\School.API.csproj]
D:\PC\College\Graduation Project\New folder\school-frontend-structure\school-frontend-structure\backend\School.API\Controllers\AttendanceController.cs(231,19): warning CS8618: Non-nullable property 'Name' must contain a non-null value when exiting constructor. Consider adding the 'required' modifier or declaring the property as nullable. [D:\PC\College\Graduation Project\New folder\school-frontend-structure\school-frontend-structure\backend\School.API\School.API.csproj]
D:\PC\College\Graduation Project\New folder\school-frontend-structure\school-frontend-structure\backend\School.API\Controllers\AttendanceController.cs(233,19): warning CS8618: Non-nullable property 'Notes' must contain a non-null value when exiting constructor. Consider adding the 'required' modifier or declaring the property as nullable. [D:\PC\College\Graduation Project\New folder\school-frontend-structure\school-frontend-structure\backend\School.API\School.API.csproj]
D:\PC\College\Graduation Project\New folder\school-frontend-structure\school-frontend-structure\backend\School.API\Controllers\ChatController.cs(368,19): warning CS8618: Non-nullable property 'ReceiverId' must contain a non-null value when exiting constructor. Consider adding the 'required' modifier or declaring the property as nullable. [D:\PC\College\Graduation Project\New folder\school-frontend-structure\school-frontend-structure\backend\School.API\School.API.csproj]
D:\PC\College\Graduation Project\New folder\school-frontend-structure\school-frontend-structure\backend\School.API\Controllers\ChatController.cs(369,19): warning CS8618: Non-nullable property 'Content' must contain a non-null value when exiting constructor. Consider adding the 'required' modifier or declaring the property as nullable. [D:\PC\College\Graduation Project\New folder\school-frontend-structure\school-frontend-structure\backend\School.API\School.API.csproj]
D:\PC\College\Graduation Project\New folder\school-frontend-structure\school-frontend-structure\backend\School.API\Controllers\BaseApiController.cs(13,51): warning CS8601: Possible null reference assignment. [D:\PC\College\Graduation Project\New folder\school-frontend-structure\school-frontend-structure\backend\School.API\School.API.csproj]
D:\PC\College\Graduation Project\New folder\school-frontend-structure\school-frontend-structure\backend\School.API\Controllers\BaseApiController.cs(13,37): warning CS8603: Possible null reference return. [D:\PC\College\Graduation Project\New folder\school-frontend-structure\school-frontend-structure\backend\School.API\School.API.csproj]
D:\PC\College\Graduation Project\New folder\school-frontend-structure\school-frontend-structure\backend\School.API\Controllers\BaseApiController.cs(11,23): warning CS8618: Non-nullable field '_mediator' must contain a non-null value when exiting constructor. Consider adding the 'required' modifier or declaring the field as nullable. [D:\PC\College\Graduation Project\New folder\school-frontend-structure\school-frontend-structure\backend\School.API\School.API.csproj]
D:\PC\College\Graduation Project\New folder\school-frontend-structure\school-frontend-structure\backend\School.API\Controllers\ChatController.cs(32,23): warning CS8601: Possible null reference assignment. [D:\PC\College\Graduation Project\New folder\school-frontend-structure\school-frontend-structure\backend\School.API\School.API.csproj]
D:\PC\College\Graduation Project\New folder\school-frontend-structure\school-frontend-structure\backend\School.API\Controllers\AttendanceController.cs(142,26): warning CS0168: The variable 'ex' is declared but never used [D:\PC\College\Graduation Project\New folder\school-frontend-structure\school-frontend-structure\backend\School.API\School.API.csproj]
D:\PC\College\Graduation Project\New folder\school-frontend-structure\school-frontend-structure\backend\School.API\Controllers\DashboardsController.cs(82,43): error CS1503: Argument 1: cannot convert from 'int?' to 'int' [D:\PC\College\Graduation Project\New folder\school-frontend-structure\school-frontend-structure\backend\School.API\School.API.csproj]
D:\PC\College\Graduation Project\New folder\school-frontend-structure\school-frontend-structure\backend\School.API\Controllers\DashboardsController.cs(98,48): error CS1503: Argument 1: cannot convert from 'int?' to 'int' [D:\PC\College\Graduation Project\New folder\school-frontend-structure\school-frontend-structure\backend\School.API\School.API.csproj]
D:\PC\College\Graduation Project\New folder\school-frontend-structure\school-frontend-structure\backend\School.API\Controllers\DashboardsController.cs(102,48): error CS1503: Argument 1: cannot convert from 'int?' to 'int' [D:\PC\College\Graduation Project\New folder\school-frontend-structure\school-frontend-structure\backend\School.API\School.API.csproj]
D:\PC\College\Graduation Project\New folder\school-frontend-structure\school-frontend-structure\backend\School.API\Controllers\ChatController.cs(63,53): warning CS8604: Possible null reference argument for parameter 'userId' in 'Task<ApplicationUser?> UserManager<ApplicationUser>.FindByIdAsync(string userId)'. [D:\PC\College\Graduation Project\New folder\school-frontend-structure\school-frontend-structure\backend\School.API\School.API.csproj]
D:\PC\College\Graduation Project\New folder\school-frontend-structure\school-frontend-structure\backend\School.API\Controllers\ChatController.cs(64,54): warning CS8604: Possible null reference argument for parameter 'user' in 'Task<IList<string>> UserManager<ApplicationUser>.GetRolesAsync(ApplicationUser user)'. [D:\PC\College\Graduation Project\New folder\school-frontend-structure\school-frontend-structure\backend\School.API\School.API.csproj]

Build FAILED.

D:\PC\College\Graduation Project\New folder\school-frontend-structure\school-frontend-structure\backend\School.API\Controllers\AttendanceController.cs(223,19): warning CS8618: Non-nullable property 'ClassId' must contain a non-null value when exiting constructor. Consider adding the 'required' modifier or declaring the property as nullable. [D:\PC\College\Graduation Project\New folder\school-frontend-structure\school-frontend-structure\backend\School.API\School.API.csproj]
D:\PC\College\Graduation Project\New folder\school-frontend-structure\school-frontend-structure\backend\School.API\Controllers\AttendanceController.cs(224,19): warning CS8618: Non-nullable property 'SubjectId' must contain a non-null value when exiting constructor. Consider adding the 'required' modifier or declaring the property as nullable. [D:\PC\College\Graduation Project\New folder\school-frontend-structure\school-frontend-structure\backend\School.API\School.API.csproj]
D:\PC\College\Graduation Project\New folder\school-frontend-structure\school-frontend-structure\backend\School.API\Controllers\AttendanceController.cs(225,44): warning CS8618: Non-nullable property 'Records' must contain a non-null value when exiting constructor. Consider adding the 'required' modifier or declaring the property as nullable. [D:\PC\College\Graduation Project\New folder\school-frontend-structure\school-frontend-structure\backend\School.API\School.API.csproj]
D:\PC\College\Graduation Project\New folder\school-frontend-structure\school-frontend-structure\backend\School.API\Controllers\AttendanceController.cs(230,19): warning CS8618: Non-nullable property 'Id' must contain a non-null value when exiting constructor. Consider adding the 'required' modifier or declaring the property as nullable. [D:\PC\College\Graduation Project\New folder\school-frontend-structure\school-frontend-structure\backend\School.API\School.API.csproj]
D:\PC\College\Graduation Project\New folder\school-frontend-structure\school-frontend-structure\backend\School.API\Controllers\AttendanceController.cs(231,19): warning CS8618: Non-nullable property 'Name' must contain a non-null value when exiting constructor. Consider adding the 'required' modifier or declaring the property as nullable. [D:\PC\College\Graduation Project\New folder\school-frontend-structure\school-frontend-structure\backend\School.API\School.API.csproj]
D:\PC\College\Graduation Project\New folder\school-frontend-structure\school-frontend-structure\backend\School.API\Controllers\AttendanceController.cs(233,19): warning CS8618: Non-nullable property 'Notes' must contain a non-null value when exiting constructor. Consider adding the 'required' modifier or declaring the property as nullable. [D:\PC\College\Graduation Project\New folder\school-frontend-structure\school-frontend-structure\backend\School.API\School.API.csproj]
D:\PC\College\Graduation Project\New folder\school-frontend-structure\school-frontend-structure\backend\School.API\Controllers\ChatController.cs(368,19): warning CS8618: Non-nullable property 'ReceiverId' must contain a non-null value when exiting constructor. Consider adding the 'required' modifier or declaring the property as nullable. [D:\PC\College\Graduation Project\New folder\school-frontend-structure\school-frontend-structure\backend\School.API\School.API.csproj]
D:\PC\College\Graduation Project\New folder\school-frontend-structure\school-frontend-structure\backend\School.API\Controllers\ChatController.cs(369,19): warning CS8618: Non-nullable property 'Content' must contain a non-null value when exiting constructor. Consider adding the 'required' modifier or declaring the property as nullable. [D:\PC\College\Graduation Project\New folder\school-frontend-structure\school-frontend-structure\backend\School.API\School.API.csproj]
D:\PC\College\Graduation Project\New folder\school-frontend-structure\school-frontend-structure\backend\School.API\Controllers\BaseApiController.cs(13,51): warning CS8601: Possible null reference assignment. [D:\PC\College\Graduation Project\New folder\school-frontend-structure\school-frontend-structure\backend\School.API\School.API.csproj]
D:\PC\College\Graduation Project\New folder\school-frontend-structure\school-frontend-structure\backend\School.API\Controllers\BaseApiController.cs(13,37): warning CS8603: Possible null reference return. [D:\PC\College\Graduation Project\New folder\school-frontend-structure\school-frontend-structure\backend\School.API\School.API.csproj]
D:\PC\College\Graduation Project\New folder\school-frontend-structure\school-frontend-structure\backend\School.API\Controllers\BaseApiController.cs(11,23): warning CS8618: Non-nullable field '_mediator' must contain a non-null value when exiting constructor. Consider adding the 'required' modifier or declaring the field as nullable. [D:\PC\College\Graduation Project\New folder\school-frontend-structure\school-frontend-structure\backend\School.API\School.API.csproj]
D:\PC\College\Graduation Project\New folder\school-frontend-structure\school-frontend-structure\backend\School.API\Controllers\ChatController.cs(32,23): warning CS8601: Possible null reference assignment. [D:\PC\College\Graduation Project\New folder\school-frontend-structure\school-frontend-structure\backend\School.API\School.API.csproj]
D:\PC\College\Graduation Project\New folder\school-frontend-structure\school-frontend-structure\backend\School.API\Controllers\AttendanceController.cs(142,26): warning CS0168: The variable 'ex' is declared but never used [D:\PC\College\Graduation Project\New folder\school-frontend-structure\school-frontend-structure\backend\School.API\School.API.csproj]
D:\PC\College\Graduation Project\New folder\school-frontend-structure\school-frontend-structure\backend\School.API\Controllers\ChatController.cs(63,53): warning CS8604: Possible null reference argument for parameter 'userId' in 'Task<ApplicationUser?> UserManager<ApplicationUser>.FindByIdAsync(string userId)'. [D:\PC\College\Graduation Project\New folder\school-frontend-structure\school-frontend-structure\backend\School.API\School.API.csproj]
D:\PC\College\Graduation Project\New folder\school-frontend-structure\school-frontend-structure\backend\School.API\Controllers\ChatController.cs(64,54): warning CS8604: Possible null reference argument for parameter 'user' in 'Task<IList<string>> UserManager<ApplicationUser>.GetRolesAsync(ApplicationUser user)'. [D:\PC\College\Graduation Project\New folder\school-frontend-structure\school-frontend-structure\backend\School.API\School.API.csproj]
D:\PC\College\Graduation Project\New folder\school-frontend-structure\school-frontend-structure\backend\School.API\Controllers\DashboardsController.cs(82,43): error CS1503: Argument 1: cannot convert from 'int?' to 'int' [D:\PC\College\Graduation Project\New folder\school-frontend-structure\school-frontend-structure\backend\School.API\School.API.csproj]
D:\PC\College\Graduation Project\New folder\school-frontend-structure\school-frontend-structure\backend\School.API\Controllers\DashboardsController.cs(98,48): error CS1503: Argument 1: cannot convert from 'int?' to 'int' [D:\PC\College\Graduation Project\New folder\school-frontend-structure\school-frontend-structure\backend\School.API\School.API.csproj]
D:\PC\College\Graduation Project\New folder\school-frontend-structure\school-frontend-structure\backend\School.API\Controllers\DashboardsController.cs(102,48): error CS1503: Argument 1: cannot convert from 'int?' to 'int' [D:\PC\College\Graduation Project\New folder\school-frontend-structure\school-frontend-structure\backend\School.API\School.API.csproj]
    15 Warning(s)
    3 Error(s)

Time Elapsed 00:00:03.06
